OK Organization
OK OrganizationConnection
OK OrganizationEdge
OK Project
OK ProjectConnection
OK ProjectEdge
OK Agent
OK AgentConnection
OK AgentEdge
OK CostSummary
OK ProjectDashboard
OK OrganizationProjectFilter
OK AgentDirectoryFilter
OK AccessibleOrganizationsFilter
OK ConsolePrincipal
OK EffectiveCapability
OK ConsoleProject
OK ConsoleOrganization
OK ConsoleContext
OK DisplayPreferences
OK DisplayPreferencesNotFoundProblem
OK DisplayPreferencesValidationProblem
OK DisplayPreferencesProblem
OK DisplayPreferencesMutationPayload
OK UpdateDisplayPreferencesInput
OK AuditEvent
OK AuditEventConnection
OK AuditEventEdge
OK AuditPageInfo
OK AuditEventFilter
OK AuditResourceReference
OK organization
OK accessibleOrganizations
OK project
OK projectDashboard
OK consoleContext
OK displayPreferences
OK auditEvents
OK auditEvent
OK updateDisplayPreferences
OK DisplayPreferencesNotFoundProblem implements DisplayPreferencesProblem
OK DisplayPreferencesValidationProblem implements DisplayPreferencesProblem

All organization/project/console/audit types and root fields match the frozen contract exactly.
