OK AdministrationPrincipal
OK AdministrationMembership
OK ProjectBudgetPolicy
OK ProjectBudgetStatus
OK ApprovalPolicyRule
OK ProjectApprovalPolicyVersion
OK ProjectApprovalPolicy
OK ProjectSettingsConnection
OK OrganizationAdministration
OK ProjectAdministration
OK AdministrationNotFoundProblem
OK AdministrationAuthorizationProblem
OK AdministrationValidationProblem
OK AdministrationLifecycleProblem
OK AdministrationPolicyWeakeningProblem
OK AdministrationRevisionConflict
OK AdministrationProblem
OK AdministrationMutationPayload
OK CreateProjectInput
OK AdministrationMembershipInput
OK ReplaceAdministrationMembershipInput
OK EndAdministrationMembershipInput
OK LifecycleAdministrationInput
OK UpdateProjectBudgetPolicyInput
OK ApprovalPolicyCellInput
OK FixedApprovalPolicyMatrixInput
OK UpdateProjectApprovalPolicyInput
OK UpdateProjectGeneralInput
OK SaveProjectSettingsConnectionInput
OK organizationAdministration
OK projectAdministration
OK createProject
OK addAdministrationMembership
OK replaceAdministrationMembershipRoles
OK endAdministrationMembership
OK archiveAdministrationScope
OK restoreAdministrationScope
OK updateProjectBudgetPolicy
OK updateProjectApprovalPolicy
OK updateProjectGeneral
OK saveProjectSettingsConnection
OK AdministrationNotFoundProblem implements AdministrationProblem
OK AdministrationAuthorizationProblem implements AdministrationProblem
OK AdministrationValidationProblem implements AdministrationProblem
OK AdministrationLifecycleProblem implements AdministrationProblem
OK AdministrationPolicyWeakeningProblem implements AdministrationProblem
OK AdministrationRevisionConflict implements AdministrationProblem

All administration.rs types and root fields match the frozen contract exactly.
